---
source: src/main.rs
expression: compile(program2)
---
global x;
global y;
global min;
func main() {
    global[x] = 3;
    global[y] = 4;
    global[min] = 0;
    if global[x] < global[y] {
        global[min] = global[x];
    } else {
        global[min] = global[y];
    }
    print global[min];
    return 0
}
