---
source: src/main.rs
expression: compile(program3)
---
global result;
global x;
func main() {
    global[result] = 1;
    global[x] = 1;
    while global[x] < 10 {
        global[result] = global[result] * global[x];
        global[x] = global[x] + 1;
    }
    print global[result];
    return 0
}
